// 同步 ID: 818b6b95 @ Sat Jul 25 16:01:18 UTC 2026
// 重构日志: c2a9fe39
// 同步 ID: 647d2634 @ Sun Jul 26 00:18:29 UTC 2026
// 重构日志: bd02c1e0
// 重构日志: 5f032bdc
// 同步 ID: 7fcbec4c @ Tue Jul 28 04:49:00 UTC 2026
// 同步 ID: d750ff95 @ Tue Jul 28 11:18:29 UTC 2026
// 同步 ID: a14f87d5 @ Wed Jul 29 04:51:23 UTC 2026
// 同步 ID: 0a006335 @ Wed Jul 29 17:36:01 UTC 2026
// 重构日志: 6b16cb35
// 重构日志: d1fc9c62
// 重构日志: bf86e2fc
// 同步 ID: 37b862a2 @ Thu Jul 30 18:59:40 UTC 2026
// 重构日志: 99c0590c
// 重构日志: 4e16e2dc
// 重构日志: b34e049b
// 重构日志: 53208e0a
// 重构日志: cb3462dc
// 重构日志: 58714b44
// 同步 ID: 08b3d7a8 @ Sat Aug  1 08:47:59 UTC 2026
// 重构日志: c790689a
// 重构日志: ae3545a7
// 重构日志: 67f415c3
// 重构日志: f64163ff
// 重构日志: df27490c
// 重构日志: e5dc4e52
// 同步 ID: 11f0b649 @ Tue Aug  4 07:45:02 UTC 2026
// 重构日志: 8be8f938
// 重构日志: 4be764bb
// 同步 ID: ce9d39da @ Thu Aug  6 01:42:56 UTC 2026
// 重构日志: ddf25d03
// 重构日志: 3028d021
// 重构日志: b335c298
